# serializer version: 1
# name: test_all_garages
  list([
    Garage(
      capacity=380,
      garage_id='29791f5b4a29f223213d6364c04194bf031bc829',
      latitude=50.853812003718275,
      longitude=4.35906599521552,
      name=dict({
        'fr': 'City 2',
        'nl': 'City 2',
      }),
      provider='Interparking',
      updated_at=datetime.datetime(2024, 2, 13, 17, 7, 13, 211000, tzinfo=datetime.timezone.utc),
    ),
    Garage(
      capacity=311,
      garage_id='86c7c424dc328c853e18645de7c308feaa891059',
      latitude=50.84289200411929,
      longitude=4.369964995943753,
      name=dict({
        'fr': 'Industrie',
        'nl': 'Industrie',
      }),
      provider='Interparking',
      updated_at=datetime.datetime(2024, 2, 13, 17, 7, 13, 211000, tzinfo=datetime.timezone.utc),
    ),
    Garage(
      capacity=589,
      garage_id='d1646967f3605ac66baff718c2bff21a3b7e7a89',
      latitude=50.850452003526684,
      longitude=4.353903995527477,
      name=dict({
        'fr': 'Monnaie',
        'nl': 'Munt',
      }),
      provider='Interparking',
      updated_at=datetime.datetime(2024, 2, 13, 17, 7, 13, 211000, tzinfo=datetime.timezone.utc),
    ),
    Garage(
      capacity=525,
      garage_id='0ad4382c34684cc0957b2a93c5b037a5b41ae7da',
      latitude=50.85251400351547,
      longitude=4.36149599502663,
      name=dict({
        'fr': 'Passage 44',
        'nl': 'Passage 44',
      }),
      provider='Interparking',
      updated_at=datetime.datetime(2024, 2, 13, 17, 7, 13, 211000, tzinfo=datetime.timezone.utc),
    ),
    Garage(
      capacity=211,
      garage_id='f9b674ef273644a1b9c91513cfa7693fe1325baf',
      latitude=50.851114004333084,
      longitude=4.345503995430967,
      name=dict({
        'fr': 'Dansaert',
        'nl': 'Dansaert',
      }),
      provider='Q-Park Belgium',
      updated_at=datetime.datetime(2024, 2, 13, 17, 7, 13, 211000, tzinfo=datetime.timezone.utc),
    ),
    Garage(
      capacity=490,
      garage_id='9fcd69b3658512cd2564c58868eb7de61bafae29',
      latitude=50.85091600413579,
      longitude=4.352112995676479,
      name=dict({
        'fr': 'De Brouckère',
        'nl': 'De Brouckère',
      }),
      provider='Interparking',
      updated_at=datetime.datetime(2024, 2, 13, 17, 7, 13, 211000, tzinfo=datetime.timezone.utc),
    ),
    Garage(
      capacity=929,
      garage_id='024e1b4e7c5655865f36cafb508c2fb48655caae',
      latitude=50.83860100390401,
      longitude=4.361332996039703,
      name=dict({
        'fr': 'Deux Portes',
        'nl': 'Deux Portes',
      }),
      provider='Interparking',
      updated_at=datetime.datetime(2024, 2, 13, 17, 7, 13, 211000, tzinfo=datetime.timezone.utc),
    ),
    Garage(
      capacity=1670,
      garage_id='4224625bd2b78ec0d6214c19abf5e316d538a5b8',
      latitude=50.879780004069026,
      longitude=4.3746399950728945,
      name=dict({
        'fr': 'Docks Bruxsel',
        'nl': 'Docks Bruxsel',
      }),
      provider='Indigo Belgium',
      updated_at=datetime.datetime(2024, 2, 13, 17, 7, 13, 211000, tzinfo=datetime.timezone.utc),
    ),
    Garage(
      capacity=484,
      garage_id='50d31a80a773c8e7a118fc4d2a43b6847fa0e613',
      latitude=50.84929700393285,
      longitude=4.353418996124563,
      name=dict({
        'fr': 'Ecuyer',
        'nl': 'Schildknaap',
      }),
      provider='Interparking',
      updated_at=datetime.datetime(2024, 2, 13, 17, 7, 13, 211000, tzinfo=datetime.timezone.utc),
    ),
    Garage(
      capacity=499,
      garage_id='abec2e7b3d71e11c607ce71779e4f5e1488dbaef',
      latitude=50.837956003675416,
      longitude=4.352839995462927,
      name=dict({
        'fr': 'Sablon-Poelaert',
        'nl': 'Zavel-Poelaert',
      }),
      provider='Interparking',
      updated_at=datetime.datetime(2024, 2, 13, 17, 7, 13, 211000, tzinfo=datetime.timezone.utc),
    ),
  ])
# ---
# name: test_disabled_parkings
  list([
    DisabledParking(
      area=dict({
        'en': 'Grey area',
        'fr': 'Zone grise',
        'nl': 'Grijze zone',
      }),
      latitude=50.838032395915626,
      longitude=4.355222056418672,
      number=2,
      orientation='Parallel',
      spot_id='844c6302ac6fd8d391938e6004584d54dadd8573',
      updated_at=datetime.datetime(2024, 1, 15, 10, 55, 36, 165000, tzinfo=datetime.timezone.utc),
    ),
    DisabledParking(
      area=dict({
        'en': 'Green area',
        'fr': 'Zone verte',
        'nl': 'Groene zone',
      }),
      latitude=50.8742355167629,
      longitude=4.347506949332884,
      number=1,
      orientation='Parallel',
      spot_id='cc9bb841aa646fb4f7f8906ca6eb88a83cba9089',
      updated_at=datetime.datetime(2024, 1, 15, 10, 55, 36, 165000, tzinfo=datetime.timezone.utc),
    ),
    DisabledParking(
      area=dict({
        'en': 'Grey area',
        'fr': 'Zone grise',
        'nl': 'Grijze zone',
      }),
      latitude=50.898033791939596,
      longitude=4.3273906536192435,
      number=1,
      orientation='Parallel',
      spot_id='b54c2339549bfb0baf1238b9b26ffc25945a46d3',
      updated_at=datetime.datetime(2024, 1, 15, 10, 55, 36, 165000, tzinfo=datetime.timezone.utc),
    ),
    DisabledParking(
      area=dict({
        'en': 'Grey area',
        'fr': 'Zone grise',
        'nl': 'Grijze zone',
      }),
      latitude=50.838435022680024,
      longitude=4.34488956916515,
      number=1,
      orientation='Parallel',
      spot_id='85d2ab8df86c3bf372265afb338498ee2b2f5155',
      updated_at=datetime.datetime(2024, 1, 15, 10, 55, 36, 165000, tzinfo=datetime.timezone.utc),
    ),
    DisabledParking(
      area=dict({
        'en': 'Grey area',
        'fr': 'Zone grise',
        'nl': 'Grijze zone',
      }),
      latitude=50.848906207806564,
      longitude=4.342811678108436,
      number=1,
      orientation='Parallel',
      spot_id='78133f622dfe0c57ed1b3d7e2850baa693252c25',
      updated_at=datetime.datetime(2024, 1, 15, 10, 55, 36, 165000, tzinfo=datetime.timezone.utc),
    ),
    DisabledParking(
      area=dict({
        'en': 'Grey area',
        'fr': 'Zone grise',
        'nl': 'Grijze zone',
      }),
      latitude=50.85768790699441,
      longitude=4.346569491732328,
      number=1,
      orientation='Parallel',
      spot_id='8f2dd27c49910c906c4d312a23d95863e2361fef',
      updated_at=datetime.datetime(2024, 1, 15, 10, 55, 36, 165000, tzinfo=datetime.timezone.utc),
    ),
    DisabledParking(
      area=dict({
        'en': 'Green area',
        'fr': 'Zone verte',
        'nl': 'Groene zone',
      }),
      latitude=50.87731935908454,
      longitude=4.356547607189667,
      number=1,
      orientation='Parallel',
      spot_id='aec1ed45e54eacb6a96380555cce49e4c6994af7',
      updated_at=datetime.datetime(2024, 1, 15, 10, 55, 36, 165000, tzinfo=datetime.timezone.utc),
    ),
    DisabledParking(
      area=dict({
        'en': 'Green area',
        'fr': 'Zone verte',
        'nl': 'Groene zone',
      }),
      latitude=50.87047820962347,
      longitude=4.360456339991621,
      number=2,
      orientation='Parallel',
      spot_id='7cecd92eafc5f2ec7153104d7cd7f91b0cde5efe',
      updated_at=datetime.datetime(2024, 1, 15, 10, 55, 36, 165000, tzinfo=datetime.timezone.utc),
    ),
    DisabledParking(
      area=dict({
        'en': 'Green area',
        'fr': 'Zone verte',
        'nl': 'Groene zone',
      }),
      latitude=50.8980741449515,
      longitude=4.326331727238244,
      number=1,
      orientation='Parallel',
      spot_id='9a8e305d2d6cea03c6da6ff5d1744430c99586c1',
      updated_at=datetime.datetime(2024, 1, 15, 10, 55, 36, 165000, tzinfo=datetime.timezone.utc),
    ),
    DisabledParking(
      area=dict({
        'en': 'Blue area',
        'fr': 'Zone bleue',
        'nl': 'Blauwe zone',
      }),
      latitude=50.89519351159455,
      longitude=4.42036399758698,
      number=1,
      orientation='Parallel',
      spot_id='ae08e56f0c23560f74c3d857ff25d1d0fa6e286a',
      updated_at=datetime.datetime(2024, 1, 15, 10, 55, 36, 165000, tzinfo=datetime.timezone.utc),
    ),
  ])
# ---
